Traceback (most recent call last):
  File "/home/luke/Projects/avenue_model/studies/real_motor_acceptance.py", line 221, in <module>
    run(parser.parse_args())
  File "/home/luke/Projects/avenue_model/studies/real_motor_acceptance.py", line 146, in run
    np.testing.assert_allclose(mu, mu_reference, atol=1e-6, rtol=2e-6)
  File "/tmp/avenue-eval-venv/lib/python3.12/site-packages/numpy/testing/_private/utils.py", line 1780, in assert_allclose
    assert_array_compare(compare, actual, desired, err_msg=str(err_msg),
  File "/tmp/avenue-eval-venv/lib/python3.12/site-packages/numpy/testing/_private/utils.py", line 988, in assert_array_compare
    raise AssertionError(msg)
AssertionError: 
Not equal to tolerance rtol=2e-06, atol=1e-06

Mismatched elements: 14 / 169504 (0.00826%)
First 5 mismatches are at indices:
 [5967]: 8.585588338291691 (ACTUAL), 8.585616232799431 (DESIRED)
 [6503]: 12.555161451486326 (ACTUAL), 12.55520214686659 (DESIRED)
 [10724]: 7.89398653684063 (ACTUAL), 7.894011767283897 (DESIRED)
 [10738]: 53.46448544457233 (ACTUAL), 53.46465598296047 (DESIRED)
 [10739]: 53.46448544457233 (ACTUAL), 53.46465598296047 (DESIRED)
Max absolute difference among violations: 0.00017054
Max relative difference among violations: 3.25043563e-06
 ACTUAL: array([121.818224,  85.670246, 290.985941, ..., 139.650736, 314.730651,
       128.648425], shape=(169504,))
 DESIRED: array([121.818224,  85.670247, 290.98594 , ..., 139.650738, 314.730655,
       128.648426], shape=(169504,))
