FFFFFFFF
======================================================================
FAIL: test_ridge_with_nonzero_empty_row_matches_independent_free_score (test_global_empty_row_convergence.GlobalEmptyRowConvergenceTests.test_ridge_with_nonzero_empty_row_matches_independent_free_score) (alpha=0.001, solver='auto', empty_factor=0.7)
----------------------------------------------------------------------
Traceback (most recent call last):
  File "/home/luke/Projects/avenue_model/tests/test_global_empty_row_convergence.py", line 35, in test_ridge_with_nonzero_empty_row_matches_independent_free_score
    self.assertTrue(fitted.converged, fitted.report().fit_summary)
AssertionError: False is not true : {'converged': False, 'iterations': 100, 'max_gradient': 0.0001420289855075953, 'deviance': 9.348469704434555, 'null_deviance': 129.9528268670341, 'pseudo_r2': 0.9280625906352943, 'n_parameters': 3, 'dispersion': 1.0, 'covariance_method': 'model_based', 'cluster_column': None, 'n_clusters': None, 'aic': 485.2154475124873, 'bic': 493.54891151628937, 'table_conditioning': 1.0}

======================================================================
FAIL: test_ridge_with_nonzero_empty_row_matches_independent_free_score (test_global_empty_row_convergence.GlobalEmptyRowConvergenceTests.test_ridge_with_nonzero_empty_row_matches_independent_free_score) (alpha=0.001, solver='auto', empty_factor=-2.0)
----------------------------------------------------------------------
Traceback (most recent call last):
  File "/home/luke/Projects/avenue_model/tests/test_global_empty_row_convergence.py", line 35, in test_ridge_with_nonzero_empty_row_matches_independent_free_score
    self.assertTrue(fitted.converged, fitted.report().fit_summary)
AssertionError: False is not true : {'converged': False, 'iterations': 100, 'max_gradient': 0.0004057971014489261, 'deviance': 9.348469704434555, 'null_deviance': 129.9528268670341, 'pseudo_r2': 0.9280625906352943, 'n_parameters': 3, 'dispersion': 1.0, 'covariance_method': 'model_based', 'cluster_column': None, 'n_clusters': None, 'aic': 485.2154475124873, 'bic': 493.54891151628937, 'table_conditioning': 1.0}

======================================================================
FAIL: test_ridge_with_nonzero_empty_row_matches_independent_free_score (test_global_empty_row_convergence.GlobalEmptyRowConvergenceTests.test_ridge_with_nonzero_empty_row_matches_independent_free_score) (alpha=0.001, solver='global', empty_factor=0.7)
----------------------------------------------------------------------
Traceback (most recent call last):
  File "/home/luke/Projects/avenue_model/tests/test_global_empty_row_convergence.py", line 35, in test_ridge_with_nonzero_empty_row_matches_independent_free_score
    self.assertTrue(fitted.converged, fitted.report().fit_summary)
AssertionError: False is not true : {'converged': False, 'iterations': 100, 'max_gradient': 0.0001420289855075953, 'deviance': 9.348469704434555, 'null_deviance': 129.9528268670341, 'pseudo_r2': 0.9280625906352943, 'n_parameters': 3, 'dispersion': 1.0, 'covariance_method': 'model_based', 'cluster_column': None, 'n_clusters': None, 'aic': 485.2154475124873, 'bic': 493.54891151628937, 'table_conditioning': 1.0}

======================================================================
FAIL: test_ridge_with_nonzero_empty_row_matches_independent_free_score (test_global_empty_row_convergence.GlobalEmptyRowConvergenceTests.test_ridge_with_nonzero_empty_row_matches_independent_free_score) (alpha=0.001, solver='global', empty_factor=-2.0)
----------------------------------------------------------------------
Traceback (most recent call last):
  File "/home/luke/Projects/avenue_model/tests/test_global_empty_row_convergence.py", line 35, in test_ridge_with_nonzero_empty_row_matches_independent_free_score
    self.assertTrue(fitted.converged, fitted.report().fit_summary)
AssertionError: False is not true : {'converged': False, 'iterations': 100, 'max_gradient': 0.0004057971014489261, 'deviance': 9.348469704434555, 'null_deviance': 129.9528268670341, 'pseudo_r2': 0.9280625906352943, 'n_parameters': 3, 'dispersion': 1.0, 'covariance_method': 'model_based', 'cluster_column': None, 'n_clusters': None, 'aic': 485.2154475124873, 'bic': 493.54891151628937, 'table_conditioning': 1.0}

======================================================================
FAIL: test_ridge_with_nonzero_empty_row_matches_independent_free_score (test_global_empty_row_convergence.GlobalEmptyRowConvergenceTests.test_ridge_with_nonzero_empty_row_matches_independent_free_score) (alpha=0.1, solver='auto', empty_factor=0.7)
----------------------------------------------------------------------
Traceback (most recent call last):
  File "/home/luke/Projects/avenue_model/tests/test_global_empty_row_convergence.py", line 35, in test_ridge_with_nonzero_empty_row_matches_independent_free_score
    self.assertTrue(fitted.converged, fitted.report().fit_summary)
AssertionError: False is not true : {'converged': False, 'iterations': 20, 'max_gradient': 0.01420289855072469, 'deviance': 17.846815573675205, 'null_deviance': 129.9528268670341, 'pseudo_r2': 0.8626669692077125, 'n_parameters': 3, 'dispersion': 1.0, 'covariance_method': 'model_based', 'cluster_column': None, 'n_clusters': None, 'aic': 492.8291518018456, 'bic': 499.92965025602484, 'table_conditioning': 1.0}

======================================================================
FAIL: test_ridge_with_nonzero_empty_row_matches_independent_free_score (test_global_empty_row_convergence.GlobalEmptyRowConvergenceTests.test_ridge_with_nonzero_empty_row_matches_independent_free_score) (alpha=0.1, solver='auto', empty_factor=-2.0)
----------------------------------------------------------------------
Traceback (most recent call last):
  File "/home/luke/Projects/avenue_model/tests/test_global_empty_row_convergence.py", line 35, in test_ridge_with_nonzero_empty_row_matches_independent_free_score
    self.assertTrue(fitted.converged, fitted.report().fit_summary)
AssertionError: False is not true : {'converged': False, 'iterations': 18, 'max_gradient': 0.04057971014492749, 'deviance': 17.846815573675205, 'null_deviance': 129.9528268670341, 'pseudo_r2': 0.8626669692077125, 'n_parameters': 3, 'dispersion': 1.0, 'covariance_method': 'model_based', 'cluster_column': None, 'n_clusters': None, 'aic': 492.8291518018456, 'bic': 499.92965025602484, 'table_conditioning': 1.0}

======================================================================
FAIL: test_ridge_with_nonzero_empty_row_matches_independent_free_score (test_global_empty_row_convergence.GlobalEmptyRowConvergenceTests.test_ridge_with_nonzero_empty_row_matches_independent_free_score) (alpha=0.1, solver='global', empty_factor=0.7)
----------------------------------------------------------------------
Traceback (most recent call last):
  File "/home/luke/Projects/avenue_model/tests/test_global_empty_row_convergence.py", line 35, in test_ridge_with_nonzero_empty_row_matches_independent_free_score
    self.assertTrue(fitted.converged, fitted.report().fit_summary)
AssertionError: False is not true : {'converged': False, 'iterations': 20, 'max_gradient': 0.01420289855072469, 'deviance': 17.846815573675205, 'null_deviance': 129.9528268670341, 'pseudo_r2': 0.8626669692077125, 'n_parameters': 3, 'dispersion': 1.0, 'covariance_method': 'model_based', 'cluster_column': None, 'n_clusters': None, 'aic': 492.8291518018456, 'bic': 499.92965025602484, 'table_conditioning': 1.0}

======================================================================
FAIL: test_ridge_with_nonzero_empty_row_matches_independent_free_score (test_global_empty_row_convergence.GlobalEmptyRowConvergenceTests.test_ridge_with_nonzero_empty_row_matches_independent_free_score) (alpha=0.1, solver='global', empty_factor=-2.0)
----------------------------------------------------------------------
Traceback (most recent call last):
  File "/home/luke/Projects/avenue_model/tests/test_global_empty_row_convergence.py", line 35, in test_ridge_with_nonzero_empty_row_matches_independent_free_score
    self.assertTrue(fitted.converged, fitted.report().fit_summary)
AssertionError: False is not true : {'converged': False, 'iterations': 18, 'max_gradient': 0.04057971014492749, 'deviance': 17.846815573675205, 'null_deviance': 129.9528268670341, 'pseudo_r2': 0.8626669692077125, 'n_parameters': 3, 'dispersion': 1.0, 'covariance_method': 'model_based', 'cluster_column': None, 'n_clusters': None, 'aic': 492.8291518018456, 'bic': 499.92965025602484, 'table_conditioning': 1.0}

----------------------------------------------------------------------
Ran 1 test in 0.015s

FAILED (failures=8)
